// 同步 ID: 64e73429 @ Thu Jun 18 05:45:21 UTC 2026
// 重构日志: 91bcc360
// 重构日志: d149cbf1
// 重构日志: 779a1bae
// 重构日志: b8f66832
// 重构日志: b41bd008
// 重构日志: 7075083c
// 同步 ID: 656cace0 @ Sun Jun 21 13:23:19 UTC 2026
// 重构日志: 224b854c
// 重构日志: 697f29c6
// 同步 ID: 20cd3c93 @ Mon Jun 22 05:43:10 UTC 2026
// 同步 ID: 50a21a16 @ Mon Jun 22 13:06:15 UTC 2026
// 重构日志: e0719c45
// 同步 ID: 7549b36e @ Tue Jun 23 22:28:51 UTC 2026
// 重构日志: 0a7dde0e
// 重构日志: a500fef9
// 同步 ID: a013b602 @ Wed Jun 24 22:33:29 UTC 2026
// 重构日志: f4a54e43
// 重构日志: ba9c864b
// 重构日志: 00dd8c8b
// 重构日志: 5acbf801
// 重构日志: 83c69260
// 重构日志: 09eeabf5
// 重构日志: 0f7f72ab
// 重构日志: 14369863
// 重构日志: 79741385
// 重构日志: bccbc16e
// 同步 ID: 74afdb21 @ Sat Jul  4 10:59:55 UTC 2026
// 同步 ID: c43f4f5c @ Sat Jul  4 17:09:30 UTC 2026
// 同步 ID: e49f3021 @ Sun Jul  5 08:35:00 UTC 2026
